2026-09-04T16:19:44 -  - DEBUG - ecbuild project(DALES) 
2026-09-04T16:19:45 - DALES - DEBUG - ---------------------------------------------------------
2026-09-04T16:19:45 - DALES - DEBUG - Environment:
2026-09-04T16:19:45 - DALES - DEBUG - ---------------------------------------------------------
SHELL=/bin/bash
_ModuleTable016_=N2UubHVhIiwKZnVsbE5hbWUgPSAic25hcHB5LzEuMS4xMC0zNHBsdjdlIiwKbG9hZE9yZGVyID0gMTQsCnByb3BUID0ge30sCnJlZl9jb3VudCA9IDEsCnN0YWNrRGVwdGggPSAzLApzdGF0dXMgPSAiYWN0aXZlIiwKdXNlck5hbWUgPSAic25hcHB5LzEuMS4xMC0zNHBsdjdlIiwKd1YgPSAiMDAwMDAwMDAxLjAwMDAwMDAwMS4wMDAwMDAwMTAuKnpmaW5hbC0uMDAwMDAwMDM0LipwbHYuMDAwMDAwMDA3LiplLip6ZmluYWwiLAp9LApbInpsaWItbmciXSA9IHsKZm4gPSAiL25ldC9tb2R1bGVzL2FyY2gvZGFsZXMucmM0L2xtb2QvbGludXgtdWJ1bnR1MjAuMDQteDg2XzY0L2djYy8xMi4yLjAvemxpYi1uZy8yLjIuMS10MzV3NjNoLmx1YSIsCmZ1bGxOYW1lID0gInpsaWItbmcv
PKG_CONFIG_PATH=/net/modules/arch/dales.rc4/software/linux-ubuntu20.04-cascadelake/gcc-12.2.0/netcdf-fortran-4.6.1-6cmmpl6jomgcbgiarv5xczyyli2bxunk/lib/pkgconfig:/net/modules/arch/dales.rc4/software/linux-ubuntu20.04-cascadelake/gcc-12.2.0/netcdf-c-4.9.2-qbp2wqsapxzbje4k327seb3xferx4lce/lib/pkgconfig:/net/modules/arch/dales.rc4/software/linux-ubuntu20.04-cascadelake/gcc-12.2.0/hdf5-1.14.3-q7mdpdf2n5uap73mdlpjuhvazwmc4nhe/lib/pkgconfig:/net/modules/arch/dales.rc4/software/linux-ubuntu20.04-cascadelake/gcc-12.2.0/pkgconf-2.2.0-wy55q25ryg5lir6vljzkha4ffpdmg2en/lib/pkgconfig:/net/modules/arch/dales.rc4/software/linux-ubuntu20.04-cascadelake/gcc-12.2.0/c-blosc-1.21.5-5y73hw7tz4weufz7cezrnij6hwo6itnu/lib/pkgconfig:/net/modules/arch/dales.rc4/software/linux-ubuntu20.04-cascadelake/gcc-12.2.0/zstd-1.5.6-ecncrylnmrsza3szozn2flyaygxo2x7n/lib/pkgconfig:/net/modules/arch/dales.rc4/software/linux-ubuntu20.04-cascadelake/gcc-12.2.0/snappy-1.1.10-34plv7e5bnuluwodaimrdfhs3eug5pbv/lib/pkgconfig:/net/modules/arch/dales.rc4/software/linux-ubuntu20.04-cascadelake/gcc-12.2.0/lz4-1.9.4-hpwp2hbkfzfhdnpzbvlf3nemz24nllbj/lib/pkgconfig:/net/modules/arch/dales.rc4/software/linux-ubuntu20.04-cascadelake/gcc-12.2.0/bzip2-1.0.8-qztcvw73c36rl4l5x6y2ymg3uuxzfuwj/lib/pkgconfig:/net/modules/arch/dales.rc4/software/linux-ubuntu20.04-cascadelake/gcc-12.2.0/fftw-3.3.10-7t76qiezed7wg2ufrobpsjddxj7k2on7/lib/pkgconfig:/net/modules/arch/dales.rc4/software/linux-ubuntu20.04-cascadelake/gcc-12.2.0/ncurses-6.5-aboxk66z4wutdljhxwm7ggomm67rkpzb/lib/pkgconfig:/net/modules/arch/dales.rc4/software/linux-ubuntu20.04-cascadelake/gcc-12.2.0/curl-8.7.1-udvwn2tqxfykj3n5eiyyvxrvmk46bi7z/lib/pkgconfig:/net/modules/arch/dales.rc4/software/linux-ubuntu20.04-cascadelake/gcc-12.2.0/openssl-3.3.1-aloffaa6qulpgsemzzfinag6aszyctsg/lib64/pkgconfig:/net/modules/arch/dales.rc4/software/linux-ubuntu20.04-cascadelake/gcc-12.2.0/zlib-ng-2.2.1-t35w63hwvoziqdj2e3t6jx247d3ylmse/lib/pkgconfig:/net/modules/arch/dales.rc4/software/linux-ubuntu20.04-cascadelake/gcc-12.2.0/nghttp2-1.62.0-s5jq7hnrioiki5qao2xqowoywwr5ndvz/lib/pkgconfig:/usr/share/pkgconfig:/usr/lib/pkgconfig
_ModuleTable011_=Y3Vyc2VzLzYuNS1hYm94azY2Lmx1YSIsCmZ1bGxOYW1lID0gIm5jdXJzZXMvNi41LWFib3hrNjYiLApsb2FkT3JkZXIgPSA5LApwcm9wVCA9IHt9LApyZWZfY291bnQgPSAxLApzdGFja0RlcHRoID0gMSwKc3RhdHVzID0gImFjdGl2ZSIsCnVzZXJOYW1lID0gIm5jdXJzZXMvNi41LWFib3hrNjYiLAp3ViA9ICIwMDAwMDAwMDYuMDAwMDAwMDA1LiphYm94ay4wMDAwMDAwNjYuKnpmaW5hbCIsCn0sClsibmV0Y2RmLWMiXSA9IHsKZm4gPSAiL25ldC9tb2R1bGVzL2FyY2gvZGFsZXMucmM0L2xtb2QvbGludXgtdWJ1bnR1MjAuMDQteDg2XzY0L2djYy8xMi4yLjAvbmV0Y2RmLWMvNC45LjIubHVhIiwKZnVsbE5hbWUgPSAibmV0Y2RmLWMvNC45LjIiLApsb2FkT3JkZXIgPSAyMCwK
_ModuleTable007_=ImdsaWJjLzIuMzEtb3dzbWFuYiIsCmxvYWRPcmRlciA9IDIsCnByb3BUID0ge30sCnJlZl9jb3VudCA9IDE5LApzdGFja0RlcHRoID0gMywKc3RhdHVzID0gImFjdGl2ZSIsCnVzZXJOYW1lID0gImdsaWJjLzIuMzEtb3dzbWFuYiIsCndWID0gIjAwMDAwMDAwMi4wMDAwMDAwMzEuKm93c21hbmIuKnpmaW5hbCIsCn0sCmdtYWtlID0gewpmbiA9ICIvbmV0L21vZHVsZXMvYXJjaC9kYWxlcy5yYzQvbG1vZC9saW51eC11YnVudHUyMC4wNC14ODZfNjQvZ2NjLzEyLjIuMC9nbWFrZS80LjQuMS01anNoc20zLmx1YSIsCmZ1bGxOYW1lID0gImdtYWtlLzQuNC4xLTVqc2hzbTMiLApsb2FkT3JkZXIgPSA4LApwcm9wVCA9IHt9LApyZWZfY291bnQgPSAxLApzdGFja0RlcHRoID0gMSwK
_ModuleTable002_=MDAwMDAwMDAuMDAwMDAwMDA4LipxenRjdncuMDAwMDAwMDA3Lip6ZmluYWwiLAp9LApbImMtYmxvc2MiXSA9IHsKZm4gPSAiL25ldC9tb2R1bGVzL2FyY2gvZGFsZXMucmM0L2xtb2QvbGludXgtdWJ1bnR1MjAuMDQteDg2XzY0L2djYy8xMi4yLjAvYy1ibG9zYy8xLjIxLjUtNXk3M2h3Ny5sdWEiLApmdWxsTmFtZSA9ICJjLWJsb3NjLzEuMjEuNS01eTczaHc3IiwKbG9hZE9yZGVyID0gMTYsCnByb3BUID0ge30sCnJlZl9jb3VudCA9IDEsCnN0YWNrRGVwdGggPSAyLApzdGF0dXMgPSAiYWN0aXZlIiwKdXNlck5hbWUgPSAiYy1ibG9zYy8xLjIxLjUtNXk3M2h3NyIsCndWID0gIjAwMDAwMDAwMS4wMDAwMDAwMjEuMDAwMDAwMDA1Lip6ZmluYWwtLjAwMDAwMDAwNS4qeS4wMDAw
__LMOD_REF_COUNT_MODULEPATH=/net/modules/noarch/modulefiles:1 /net/modules/generic/modulefiles:1 /net/modules/arch/dales.rc4/lmod/linux-ubuntu20.04-x86_64/gcc/12.2.0:1
OMPI_MCA_btl=^openib
_ModuleTable005_=dGl2ZSIsCnVzZXJOYW1lID0gImRhbGVzLnJjNCIsCndWID0gIk0uKnpmaW5hbCIsCn0sCmZmdHcgPSB7CmZuID0gIi9uZXQvbW9kdWxlcy9hcmNoL2RhbGVzLnJjNC9sbW9kL2xpbnV4LXVidW50dTIwLjA0LXg4Nl82NC9nY2MvMTIuMi4wL2ZmdHcvMy4zLjEwLmx1YSIsCmZ1bGxOYW1lID0gImZmdHcvMy4zLjEwIiwKbG9hZE9yZGVyID0gMTEsCnByb3BUID0ge30sCnN0YWNrRGVwdGggPSAwLApzdGF0dXMgPSAiYWN0aXZlIiwKdXNlck5hbWUgPSAiZmZ0dyIsCndWID0gIjAwMDAwMDAwMy4wMDAwMDAwMDMuMDAwMDAwMDEwLip6ZmluYWwiLAp9LApbImdjYy1ydW50aW1lIl0gPSB7CmZuID0gIi9uZXQvbW9kdWxlcy9hcmNoL2RhbGVzLnJjNC9sbW9kL2xpbnV4LXVidW50dTIw
__LMOD_REF_COUNT_ACLOCAL_PATH=/net/modules/arch/dales.rc4/software/linux-ubuntu20.04-cascadelake/gcc-12.2.0/pkgconf-2.2.0-wy55q25ryg5lir6vljzkha4ffpdmg2en/share/aclocal:1 /net/modules/arch/dales.rc4/software/linux-ubuntu20.04-cascadelake/gcc-12.2.0/cmake-3.27.9-uvyfpssqs5dgbjudv2orrcnoqqhjjov3/share/aclocal:1 /net/modules/arch/dales.rc4/software/linux-ubuntu20.04-cascadelake/gcc-12.2.0/curl-8.7.1-udvwn2tqxfykj3n5eiyyvxrvmk46bi7z/share/aclocal:1 /usr/share/aclocal:1
LMOD_DIR=/net/modules/lmod/lmod/libexec
PWD=/home/annelot/dales-dev/build_distr
KRB5CCNAME=KEYRING:persistent:550400312
LOGNAME=annelot
XDG_SESSION_TYPE=tty
MODULESHOME=/net/modules/lmod/lmod
MANPATH=/net/modules/arch/dales.rc4/software/linux-ubuntu20.04-cascadelake/gcc-12.2.0/netcdf-fortran-4.6.1-6cmmpl6jomgcbgiarv5xczyyli2bxunk/share/man:/net/modules/arch/dales.rc4/software/linux-ubuntu20.04-cascadelake/gcc-12.2.0/netcdf-c-4.9.2-qbp2wqsapxzbje4k327seb3xferx4lce/share/man:/net/modules/arch/dales.rc4/software/linux-ubuntu20.04-cascadelake/gcc-12.2.0/libaec-1.0.6-pftgkj6vrm6twp3ayjgsy5ykhojzgb3q/share/man:/net/modules/arch/dales.rc4/software/linux-ubuntu20.04-cascadelake/gcc-12.2.0/pkgconf-2.2.0-wy55q25ryg5lir6vljzkha4ffpdmg2en/share/man:/net/modules/arch/dales.rc4/software/linux-ubuntu20.04-cascadelake/gcc-12.2.0/zstd-1.5.6-ecncrylnmrsza3szozn2flyaygxo2x7n/share/man:/net/modules/arch/dales.rc4/software/linux-ubuntu20.04-cascadelake/gcc-12.2.0/lz4-1.9.4-hpwp2hbkfzfhdnpzbvlf3nemz24nllbj/share/man:/net/modules/arch/dales.rc4/software/linux-ubuntu20.04-cascadelake/gcc-12.2.0/bzip2-1.0.8-qztcvw73c36rl4l5x6y2ymg3uuxzfuwj/man:/net/modules/arch/dales.rc4/software/linux-ubuntu20.04-cascadelake/gcc-12.2.0/fftw-3.3.10-7t76qiezed7wg2ufrobpsjddxj7k2on7/share/man:/net/modules/arch/dales.rc4/software/linux-ubuntu20.04-cascadelake/gcc-12.2.0/curl-8.7.1-udvwn2tqxfykj3n5eiyyvxrvmk46bi7z/share/man:/net/modules/arch/dales.rc4/software/linux-ubuntu20.04-cascadelake/gcc-12.2.0/zlib-ng-2.2.1-t35w63hwvoziqdj2e3t6jx247d3ylmse/share/man:/net/modules/arch/dales.rc4/software/linux-ubuntu20.04-cascadelake/gcc-12.2.0/nghttp2-1.62.0-s5jq7hnrioiki5qao2xqowoywwr5ndvz/share/man:/usr/share/man:/net/modules/lmod/lmod/share/man::
_ModuleTable008_=c3RhdHVzID0gImFjdGl2ZSIsCnVzZXJOYW1lID0gImdtYWtlLzQuNC4xLTVqc2hzbTMiLAp3ViA9ICIwMDAwMDAwMDQuMDAwMDAwMDA0LjAwMDAwMDAwMS4qemZpbmFsLS4wMDAwMDAwMDUuKmpzaHNtLjAwMDAwMDAwMy4qemZpbmFsIiwKfSwKaGRmNSA9IHsKZm4gPSAiL25ldC9tb2R1bGVzL2FyY2gvZGFsZXMucmM0L2xtb2QvbGludXgtdWJ1bnR1MjAuMDQteDg2XzY0L2djYy8xMi4yLjAvaGRmNS8xLjE0LjMubHVhIiwKZnVsbE5hbWUgPSAiaGRmNS8xLjE0LjMiLApsb2FkT3JkZXIgPSAxOCwKcHJvcFQgPSB7fSwKcmVmX2NvdW50ID0gMSwKc3RhY2tEZXB0aCA9IDIsCnN0YXR1cyA9ICJhY3RpdmUiLAp1c2VyTmFtZSA9ICJoZGY1LzEuMTQuMyIsCndWID0gIjAwMDAwMDAw
__LMOD_REF_COUNT_CMAKE_PREFIX_PATH=/net/modules/arch/dales.rc4/software/linux-ubuntu20.04-cascadelake/gcc-12.2.0/netcdf-fortran-4.6.1-6cmmpl6jomgcbgiarv5xczyyli2bxunk:1 /net/modules/arch/dales.rc4/software/linux-ubuntu20.04-cascadelake/gcc-12.2.0/netcdf-c-4.9.2-qbp2wqsapxzbje4k327seb3xferx4lce:1 /net/modules/arch/dales.rc4/software/linux-ubuntu20.04-cascadelake/gcc-12.2.0/libaec-1.0.6-pftgkj6vrm6twp3ayjgsy5ykhojzgb3q:1 /net/modules/arch/dales.rc4/software/linux-ubuntu20.04-cascadelake/gcc-12.2.0/hdf5-1.14.3-q7mdpdf2n5uap73mdlpjuhvazwmc4nhe:1 /net/modules/arch/dales.rc4/software/linux-ubuntu20.04-cascadelake/gcc-12.2.0/pkgconf-2.2.0-wy55q25ryg5lir6vljzkha4ffpdmg2en:1 /net/modules/arch/dales.rc4/software/linux-ubuntu20.04-cascadelake/gcc-12.2.0/c-blosc-1.21.5-5y73hw7tz4weufz7cezrnij6hwo6itnu:1 /net/modules/arch/dales.rc4/software/linux-ubuntu20.04-cascadelake/gcc-12.2.0/zstd-1.5.6-ecncrylnmrsza3szozn2flyaygxo2x7n:1 /net/modules/arch/dales.rc4/software/linux-ubuntu20.04-cascadelake/gcc-12.2.0/snappy-1.1.10-34plv7e5bnuluwodaimrdfhs3eug5pbv:1 /net/modules/arch/dales.rc4/software/linux-ubuntu20.04-cascadelake/gcc-12.2.0/lz4-1.9.4-hpwp2hbkfzfhdnpzbvlf3nemz24nllbj:1 /net/modules/arch/dales.rc4/software/linux-ubuntu20.04-cascadelake/gcc-12.2.0/bzip2-1.0.8-qztcvw73c36rl4l5x6y2ymg3uuxzfuwj:1 /net/modules/arch/dales.rc4/software/linux-ubuntu20.04-cascadelake/gcc-12.2.0/fftw-3.3.10-7t76qiezed7wg2ufrobpsjddxj7k2on7:1 /net/modules/arch/dales.rc4/software/linux-ubuntu20.04-cascadelake/gcc-12.2.0/cmake-3.27.9-uvyfpssqs5dgbjudv2orrcnoqqhjjov3:1 /net/modules/arch/dales.rc4/software/linux-ubuntu20.04-cascadelake/gcc-12.2.0/ncurses-6.5-aboxk66z4wutdljhxwm7ggomm67rkpzb:1 /net/modules/arch/dales.rc4/software/linux-ubuntu20.04-cascadelake/gcc-12.2.0/gmake-4.4.1-5jshsm3cucr7wzwwnawejgswcnelejkn:1 /net/modules/arch/dales.rc4/software/linux-ubuntu20.04-cascadelake/gcc-12.2.0/curl-8.7.1-udvwn2tqxfykj3n5eiyyvxrvmk46bi7z:1 /net/modules/arch/dales.rc4/software/linux-ubuntu20.04-cascadelake/gcc-12.2.0/openssl-3.3.1-aloffaa6qulpgsemzzfinag6aszyctsg:1 /net/modules/arch/dales.rc4/software/linux-ubuntu20.04-cascadelake/gcc-12.2.0/zlib-ng-2.2.1-t35w63hwvoziqdj2e3t6jx247d3ylmse:1 /net/modules/arch/dales.rc4/software/linux-ubuntu20.04-cascadelake/gcc-12.2.0/nghttp2-1.62.0-s5jq7hnrioiki5qao2xqowoywwr5ndvz:1 /net/modules/arch/dales.rc4/software/linux-ubuntu20.04-cascadelake/gcc-12.2.0/gcc-runtime-12.2.0-nkzrerixxbksgxdp7rf5huc2klo4h2nk:1
_ModuleTable013_=cnRyYW4iLAp3ViA9ICIwMDAwMDAwMDQuMDAwMDAwMDA2LjAwMDAwMDAwMS4qemZpbmFsIiwKfSwKbmdodHRwMiA9IHsKZm4gPSAiL25ldC9tb2R1bGVzL2FyY2gvZGFsZXMucmM0L2xtb2QvbGludXgtdWJ1bnR1MjAuMDQteDg2XzY0L2djYy8xMi4yLjAvbmdodHRwMi8xLjYyLjAtczVqcTdobi5sdWEiLApmdWxsTmFtZSA9ICJuZ2h0dHAyLzEuNjIuMC1zNWpxN2huIiwKbG9hZE9yZGVyID0gNCwKcHJvcFQgPSB7fSwKcmVmX2NvdW50ID0gMSwKc3RhY2tEZXB0aCA9IDIsCnN0YXR1cyA9ICJhY3RpdmUiLAp1c2VyTmFtZSA9ICJuZ2h0dHAyLzEuNjIuMC1zNWpxN2huIiwKd1YgPSAiMDAwMDAwMDAxLjAwMDAwMDA2Mi4qcy4wMDAwMDAwMDUuKmpxLjAwMDAwMDAwNy4qaG4uKnpm
MOTD_SHOWN=pam
__LMOD_REF_COUNT_PATH=/net/modules/arch/dales.rc4/software/linux-ubuntu20.04-cascadelake/gcc-12.2.0/netcdf-fortran-4.6.1-6cmmpl6jomgcbgiarv5xczyyli2bxunk/bin:1 /net/modules/arch/dales.rc4/software/linux-ubuntu20.04-cascadelake/gcc-12.2.0/netcdf-c-4.9.2-qbp2wqsapxzbje4k327seb3xferx4lce/bin:1 /net/modules/arch/dales.rc4/software/linux-ubuntu20.04-cascadelake/gcc-12.2.0/libaec-1.0.6-pftgkj6vrm6twp3ayjgsy5ykhojzgb3q/bin:1 /net/modules/arch/dales.rc4/software/linux-ubuntu20.04-cascadelake/gcc-12.2.0/hdf5-1.14.3-q7mdpdf2n5uap73mdlpjuhvazwmc4nhe/bin:1 /net/modules/arch/dales.rc4/software/linux-ubuntu20.04-cascadelake/gcc-12.2.0/pkgconf-2.2.0-wy55q25ryg5lir6vljzkha4ffpdmg2en/bin:1 /net/modules/arch/dales.rc4/software/linux-ubuntu20.04-cascadelake/gcc-12.2.0/zstd-1.5.6-ecncrylnmrsza3szozn2flyaygxo2x7n/bin:1 /net/modules/arch/dales.rc4/software/linux-ubuntu20.04-cascadelake/gcc-12.2.0/lz4-1.9.4-hpwp2hbkfzfhdnpzbvlf3nemz24nllbj/bin:1 /net/modules/arch/dales.rc4/software/linux-ubuntu20.04-cascadelake/gcc-12.2.0/bzip2-1.0.8-qztcvw73c36rl4l5x6y2ymg3uuxzfuwj/bin:1 /net/modules/arch/dales.rc4/software/linux-ubuntu20.04-cascadelake/gcc-12.2.0/fftw-3.3.10-7t76qiezed7wg2ufrobpsjddxj7k2on7/bin:1 /net/modules/arch/dales.rc4/software/linux-ubuntu20.04-cascadelake/gcc-12.2.0/cmake-3.27.9-uvyfpssqs5dgbjudv2orrcnoqqhjjov3/bin:1 /net/modules/arch/dales.rc4/software/linux-ubuntu20.04-cascadelake/gcc-12.2.0/ncurses-6.5-aboxk66z4wutdljhxwm7ggomm67rkpzb/bin:1 /net/modules/arch/dales.rc4/software/linux-ubuntu20.04-cascadelake/gcc-12.2.0/gmake-4.4.1-5jshsm3cucr7wzwwnawejgswcnelejkn/bin:1 /net/modules/arch/dales.rc4/software/linux-ubuntu20.04-cascadelake/gcc-12.2.0/curl-8.7.1-udvwn2tqxfykj3n5eiyyvxrvmk46bi7z/bin:1 /net/modules/arch/dales.rc4/software/linux-ubuntu20.04-cascadelake/gcc-12.2.0/openssl-3.3.1-aloffaa6qulpgsemzzfinag6aszyctsg/bin:1 /net/modules/arch/dales.rc4/software/linux-ubuntu20.04-cascadelake/gcc-12.2.0/nghttp2-1.62.0-s5jq7hnrioiki5qao2xqowoywwr5ndvz/bin:1 /usr/local/sbin:1 /usr/local/bin:1 /usr/sbin:1 /usr/bin:1 /sbin:1 /bin:1 /usr/games:1 /usr/local/games:1 /snap/bin:1
_ModuleTable018_=bnQgPSAyLApzdGFja0RlcHRoID0gMywKc3RhdHVzID0gImFjdGl2ZSIsCnVzZXJOYW1lID0gInpzdGQvMS41LjYtZWNuY3J5bCIsCndWID0gIjAwMDAwMDAwMS4wMDAwMDAwMDUuMDAwMDAwMDA2LiplY25jcnlsLip6ZmluYWwiLAp9LAp9LAptcGF0aEEgPSB7CiIvbmV0L21vZHVsZXMvbm9hcmNoL21vZHVsZWZpbGVzIiwgIi9uZXQvbW9kdWxlcy9nZW5lcmljL21vZHVsZWZpbGVzIiwgIi9uZXQvbW9kdWxlcy9hcmNoL2RhbGVzLnJjNC9sbW9kL2xpbnV4LXVidW50dTIwLjA0LXg4Nl82NC9nY2MvMTIuMi4wIiwKfSwKc3lzdGVtQmFzZU1QQVRIID0gIi9uZXQvbW9kdWxlcy9ub2FyY2gvbW9kdWxlZmlsZXM6L25ldC9tb2R1bGVzL2dlbmVyaWMvbW9kdWxlZmlsZXMiLAp9Cg==
HOME=/home/annelot
_ModuleTable015_=aW51eC11YnVudHUyMC4wNC14ODZfNjQvZ2NjLzEyLjIuMC9wa2djb25mLzIuMi4wLXd5NTVxMjUubHVhIiwKZnVsbE5hbWUgPSAicGtnY29uZi8yLjIuMC13eTU1cTI1IiwKbG9hZE9yZGVyID0gMTcsCnByb3BUID0ge30sCnJlZl9jb3VudCA9IDEsCnN0YWNrRGVwdGggPSAzLApzdGF0dXMgPSAiYWN0aXZlIiwKdXNlck5hbWUgPSAicGtnY29uZi8yLjIuMC13eTU1cTI1IiwKd1YgPSAiMDAwMDAwMDAyLjAwMDAwMDAwMi4qd3kuMDAwMDAwMDU1LipxLjAwMDAwMDAyNS4qemZpbmFsIiwKfSwKc25hcHB5ID0gewpmbiA9ICIvbmV0L21vZHVsZXMvYXJjaC9kYWxlcy5yYzQvbG1vZC9saW51eC11YnVudHUyMC4wNC14ODZfNjQvZ2NjLzEyLjIuMC9zbmFwcHkvMS4xLjEwLTM0cGx2
_ModuleTable_Sz_=18
LANG=C.UTF-8
__LMOD_REF_COUNT_PKG_CONFIG_PATH=/net/modules/arch/dales.rc4/software/linux-ubuntu20.04-cascadelake/gcc-12.2.0/netcdf-fortran-4.6.1-6cmmpl6jomgcbgiarv5xczyyli2bxunk/lib/pkgconfig:1 /net/modules/arch/dales.rc4/software/linux-ubuntu20.04-cascadelake/gcc-12.2.0/netcdf-c-4.9.2-qbp2wqsapxzbje4k327seb3xferx4lce/lib/pkgconfig:1 /net/modules/arch/dales.rc4/software/linux-ubuntu20.04-cascadelake/gcc-12.2.0/hdf5-1.14.3-q7mdpdf2n5uap73mdlpjuhvazwmc4nhe/lib/pkgconfig:1 /net/modules/arch/dales.rc4/software/linux-ubuntu20.04-cascadelake/gcc-12.2.0/pkgconf-2.2.0-wy55q25ryg5lir6vljzkha4ffpdmg2en/lib/pkgconfig:1 /net/modules/arch/dales.rc4/software/linux-ubuntu20.04-cascadelake/gcc-12.2.0/c-blosc-1.21.5-5y73hw7tz4weufz7cezrnij6hwo6itnu/lib/pkgconfig:1 /net/modules/arch/dales.rc4/software/linux-ubuntu20.04-cascadelake/gcc-12.2.0/zstd-1.5.6-ecncrylnmrsza3szozn2flyaygxo2x7n/lib/pkgconfig:1 /net/modules/arch/dales.rc4/software/linux-ubuntu20.04-cascadelake/gcc-12.2.0/snappy-1.1.10-34plv7e5bnuluwodaimrdfhs3eug5pbv/lib/pkgconfig:1 /net/modules/arch/dales.rc4/software/linux-ubuntu20.04-cascadelake/gcc-12.2.0/lz4-1.9.4-hpwp2hbkfzfhdnpzbvlf3nemz24nllbj/lib/pkgconfig:1 /net/modules/arch/dales.rc4/software/linux-ubuntu20.04-cascadelake/gcc-12.2.0/bzip2-1.0.8-qztcvw73c36rl4l5x6y2ymg3uuxzfuwj/lib/pkgconfig:1 /net/modules/arch/dales.rc4/software/linux-ubuntu20.04-cascadelake/gcc-12.2.0/fftw-3.3.10-7t76qiezed7wg2ufrobpsjddxj7k2on7/lib/pkgconfig:1 /net/modules/arch/dales.rc4/software/linux-ubuntu20.04-cascadelake/gcc-12.2.0/ncurses-6.5-aboxk66z4wutdljhxwm7ggomm67rkpzb/lib/pkgconfig:1 /net/modules/arch/dales.rc4/software/linux-ubuntu20.04-cascadelake/gcc-12.2.0/curl-8.7.1-udvwn2tqxfykj3n5eiyyvxrvmk46bi7z/lib/pkgconfig:1 /net/modules/arch/dales.rc4/software/linux-ubuntu20.04-cascadelake/gcc-12.2.0/openssl-3.3.1-aloffaa6qulpgsemzzfinag6aszyctsg/lib64/pkgconfig:1 /net/modules/arch/dales.rc4/software/linux-ubuntu20.04-cascadelake/gcc-12.2.0/zlib-ng-2.2.1-t35w63hwvoziqdj2e3t6jx247d3ylmse/lib/pkgconfig:1 /net/modules/arch/dales.rc4/software/linux-ubuntu20.04-cascadelake/gcc-12.2.0/nghttp2-1.62.0-s5jq7hnrioiki5qao2xqowoywwr5ndvz/lib/pkgconfig:1 /usr/share/pkgconfig:1 /usr/lib/pkgconfig:1
LMOD_SETTARG_FULL_SUPPORT=no
HDF5_PLUGIN_PATH=/net/modules/arch/dales.rc4/software/linux-ubuntu20.04-cascadelake/gcc-12.2.0/netcdf-c-4.9.2-qbp2wqsapxzbje4k327seb3xferx4lce/plugins
CMAKE_PREFIX_PATH=/net/modules/arch/dales.rc4/software/linux-ubuntu20.04-cascadelake/gcc-12.2.0/netcdf-fortran-4.6.1-6cmmpl6jomgcbgiarv5xczyyli2bxunk:/net/modules/arch/dales.rc4/software/linux-ubuntu20.04-cascadelake/gcc-12.2.0/netcdf-c-4.9.2-qbp2wqsapxzbje4k327seb3xferx4lce:/net/modules/arch/dales.rc4/software/linux-ubuntu20.04-cascadelake/gcc-12.2.0/libaec-1.0.6-pftgkj6vrm6twp3ayjgsy5ykhojzgb3q:/net/modules/arch/dales.rc4/software/linux-ubuntu20.04-cascadelake/gcc-12.2.0/hdf5-1.14.3-q7mdpdf2n5uap73mdlpjuhvazwmc4nhe:/net/modules/arch/dales.rc4/software/linux-ubuntu20.04-cascadelake/gcc-12.2.0/pkgconf-2.2.0-wy55q25ryg5lir6vljzkha4ffpdmg2en:/net/modules/arch/dales.rc4/software/linux-ubuntu20.04-cascadelake/gcc-12.2.0/c-blosc-1.21.5-5y73hw7tz4weufz7cezrnij6hwo6itnu:/net/modules/arch/dales.rc4/software/linux-ubuntu20.04-cascadelake/gcc-12.2.0/zstd-1.5.6-ecncrylnmrsza3szozn2flyaygxo2x7n:/net/modules/arch/dales.rc4/software/linux-ubuntu20.04-cascadelake/gcc-12.2.0/snappy-1.1.10-34plv7e5bnuluwodaimrdfhs3eug5pbv:/net/modules/arch/dales.rc4/software/linux-ubuntu20.04-cascadelake/gcc-12.2.0/lz4-1.9.4-hpwp2hbkfzfhdnpzbvlf3nemz24nllbj:/net/modules/arch/dales.rc4/software/linux-ubuntu20.04-cascadelake/gcc-12.2.0/bzip2-1.0.8-qztcvw73c36rl4l5x6y2ymg3uuxzfuwj:/net/modules/arch/dales.rc4/software/linux-ubuntu20.04-cascadelake/gcc-12.2.0/fftw-3.3.10-7t76qiezed7wg2ufrobpsjddxj7k2on7:/net/modules/arch/dales.rc4/software/linux-ubuntu20.04-cascadelake/gcc-12.2.0/cmake-3.27.9-uvyfpssqs5dgbjudv2orrcnoqqhjjov3:/net/modules/arch/dales.rc4/software/linux-ubuntu20.04-cascadelake/gcc-12.2.0/ncurses-6.5-aboxk66z4wutdljhxwm7ggomm67rkpzb:/net/modules/arch/dales.rc4/software/linux-ubuntu20.04-cascadelake/gcc-12.2.0/gmake-4.4.1-5jshsm3cucr7wzwwnawejgswcnelejkn:/net/modules/arch/dales.rc4/software/linux-ubuntu20.04-cascadelake/gcc-12.2.0/curl-8.7.1-udvwn2tqxfykj3n5eiyyvxrvmk46bi7z:/net/modules/arch/dales.rc4/software/linux-ubuntu20.04-cascadelake/gcc-12.2.0/openssl-3.3.1-aloffaa6qulpgsemzzfinag6aszyctsg:/net/modules/arch/dales.rc4/software/linux-ubuntu20.04-cascadelake/gcc-12.2.0/zlib-ng-2.2.1-t35w63hwvoziqdj2e3t6jx247d3ylmse:/net/modules/arch/dales.rc4/software/linux-ubuntu20.04-cascadelake/gcc-12.2.0/nghttp2-1.62.0-s5jq7hnrioiki5qao2xqowoywwr5ndvz:/net/modules/arch/dales.rc4/software/linux-ubuntu20.04-cascadelake/gcc-12.2.0/gcc-runtime-12.2.0-nkzrerixxbksgxdp7rf5huc2klo4h2nk
_ModuleTable010_=dWxlcy9hcmNoL2RhbGVzLnJjNC9sbW9kL2xpbnV4LXVidW50dTIwLjA0LXg4Nl82NC9nY2MvMTIuMi4wL2x6NC8xLjkuNC1ocHdwMmhiLmx1YSIsCmZ1bGxOYW1lID0gImx6NC8xLjkuNC1ocHdwMmhiIiwKbG9hZE9yZGVyID0gMTMsCnByb3BUID0ge30sCnJlZl9jb3VudCA9IDEsCnN0YWNrRGVwdGggPSAzLApzdGF0dXMgPSAiYWN0aXZlIiwKdXNlck5hbWUgPSAibHo0LzEuOS40LWhwd3AyaGIiLAp3ViA9ICIwMDAwMDAwMDEuMDAwMDAwMDA5LjAwMDAwMDAwNC4qaHB3cC4wMDAwMDAwMDIuKmhiLip6ZmluYWwiLAp9LApuY3Vyc2VzID0gewpmbiA9ICIvbmV0L21vZHVsZXMvYXJjaC9kYWxlcy5yYzQvbG1vZC9saW51eC11YnVudHUyMC4wNC14ODZfNjQvZ2NjLzEyLjIuMC9u
LMOD_VERSION=8.7.32
SSH_CONNECTION=192.168.9.35 52243 192.168.10.113 22
_ModuleTable003_=MDAwNzMuKmh3LjAwMDAwMDAwNy4qemZpbmFsIiwKfSwKY21ha2UgPSB7CmZuID0gIi9uZXQvbW9kdWxlcy9hcmNoL2RhbGVzLnJjNC9sbW9kL2xpbnV4LXVidW50dTIwLjA0LXg4Nl82NC9nY2MvMTIuMi4wL2NtYWtlLzMuMjcuOS5sdWEiLApmdWxsTmFtZSA9ICJjbWFrZS8zLjI3LjkiLApsb2FkT3JkZXIgPSAxMCwKcHJvcFQgPSB7fSwKc3RhY2tEZXB0aCA9IDAsCnN0YXR1cyA9ICJhY3RpdmUiLAp1c2VyTmFtZSA9ICJjbWFrZSIsCndWID0gIjAwMDAwMDAwMy4wMDAwMDAwMjcuMDAwMDAwMDA5Lip6ZmluYWwiLAp9LApjdXJsID0gewpmbiA9ICIvbmV0L21vZHVsZXMvYXJjaC9kYWxlcy5yYzQvbG1vZC9saW51eC11YnVudHUyMC4wNC14ODZfNjQvZ2NjLzEyLjIuMC9jdXJs
MODULEPATH_ROOT=/net/modules/modulefiles
XDG_SESSION_CLASS=user
LMOD_PKG=/net/modules/lmod/lmod
TERM=xterm-256color
ACLOCAL_PATH=/net/modules/arch/dales.rc4/software/linux-ubuntu20.04-cascadelake/gcc-12.2.0/pkgconf-2.2.0-wy55q25ryg5lir6vljzkha4ffpdmg2en/share/aclocal:/net/modules/arch/dales.rc4/software/linux-ubuntu20.04-cascadelake/gcc-12.2.0/cmake-3.27.9-uvyfpssqs5dgbjudv2orrcnoqqhjjov3/share/aclocal:/net/modules/arch/dales.rc4/software/linux-ubuntu20.04-cascadelake/gcc-12.2.0/curl-8.7.1-udvwn2tqxfykj3n5eiyyvxrvmk46bi7z/share/aclocal:/usr/share/aclocal
USER=annelot
ARCH=linux
LOADEDMODULES=dales.rc4:glibc/2.31-owsmanb:gcc-runtime/12.2.0-nkzreri:nghttp2/1.62.0-s5jq7hn:zlib-ng/2.2.1-t35w63h:openssl/3.3.1-aloffaa:curl/8.7.1-udvwn2t:gmake/4.4.1-5jshsm3:ncurses/6.5-aboxk66:cmake/3.27.9:fftw/3.3.10:bzip2/1.0.8-qztcvw7:lz4/1.9.4-hpwp2hb:snappy/1.1.10-34plv7e:zstd/1.5.6-ecncryl:c-blosc/1.21.5-5y73hw7:pkgconf/2.2.0-wy55q25:hdf5/1.14.3:libaec/1.0.6-pftgkj6:netcdf-c/4.9.2:netcdf-fortran/4.6.1
LMOD_ROOT=/net/modules/lmod
SHLVL=1
_ModuleTable012_=cHJvcFQgPSB7fSwKcmVmX2NvdW50ID0gMSwKc3RhY2tEZXB0aCA9IDEsCnN0YXR1cyA9ICJhY3RpdmUiLAp1c2VyTmFtZSA9ICJuZXRjZGYtYy80LjkuMiIsCndWID0gIjAwMDAwMDAwNC4wMDAwMDAwMDkuMDAwMDAwMDAyLip6ZmluYWwiLAp9LApbIm5ldGNkZi1mb3J0cmFuIl0gPSB7CmZuID0gIi9uZXQvbW9kdWxlcy9hcmNoL2RhbGVzLnJjNC9sbW9kL2xpbnV4LXVidW50dTIwLjA0LXg4Nl82NC9nY2MvMTIuMi4wL25ldGNkZi1mb3J0cmFuLzQuNi4xLmx1YSIsCmZ1bGxOYW1lID0gIm5ldGNkZi1mb3J0cmFuLzQuNi4xIiwKbG9hZE9yZGVyID0gMjEsCnByb3BUID0ge30sCnN0YWNrRGVwdGggPSAwLApzdGF0dXMgPSAiYWN0aXZlIiwKdXNlck5hbWUgPSAibmV0Y2RmLWZv
BASH_ENV=/net/modules/lmod/lmod/init/bash
_ModuleTable006_=LjA0LXg4Nl82NC9nY2MvMTIuMi4wL2djYy1ydW50aW1lLzEyLjIuMC1ua3pyZXJpLmx1YSIsCmZ1bGxOYW1lID0gImdjYy1ydW50aW1lLzEyLjIuMC1ua3pyZXJpIiwKbG9hZE9yZGVyID0gMywKcHJvcFQgPSB7fSwKcmVmX2NvdW50ID0gMTgsCnN0YWNrRGVwdGggPSAyLApzdGF0dXMgPSAiYWN0aXZlIiwKdXNlck5hbWUgPSAiZ2NjLXJ1bnRpbWUvMTIuMi4wLW5renJlcmkiLAp3ViA9ICIwMDAwMDAwMTIuMDAwMDAwMDAyLipua3pyZXJpLip6ZmluYWwiLAp9LApnbGliYyA9IHsKZm4gPSAiL25ldC9tb2R1bGVzL2FyY2gvZGFsZXMucmM0L2xtb2QvbGludXgtdWJ1bnR1MjAuMDQteDg2XzY0L2djYy8xMi4yLjAvZ2xpYmMvMi4zMS1vd3NtYW5iLmx1YSIsCmZ1bGxOYW1lID0g
LMOD_sys=Linux
_ModuleTable017_=Mi4yLjEtdDM1dzYzaCIsCmxvYWRPcmRlciA9IDUsCnByb3BUID0ge30sCnJlZl9jb3VudCA9IDYsCnN0YWNrRGVwdGggPSAzLApzdGF0dXMgPSAiYWN0aXZlIiwKdXNlck5hbWUgPSAiemxpYi1uZy8yLjIuMS10MzV3NjNoIiwKd1YgPSAiMDAwMDAwMDAyLjAwMDAwMDAwMi4wMDAwMDAwMDEuKnQuMDAwMDAwMDM1Lip3LjAwMDAwMDA2My4qaC4qemZpbmFsIiwKfSwKenN0ZCA9IHsKZm4gPSAiL25ldC9tb2R1bGVzL2FyY2gvZGFsZXMucmM0L2xtb2QvbGludXgtdWJ1bnR1MjAuMDQteDg2XzY0L2djYy8xMi4yLjAvenN0ZC8xLjUuNi1lY25jcnlsLmx1YSIsCmZ1bGxOYW1lID0gInpzdGQvMS41LjYtZWNuY3J5bCIsCmxvYWRPcmRlciA9IDE1LApwcm9wVCA9IHt9LApyZWZfY291
_ModuleTable009_=MS4wMDAwMDAwMTQuMDAwMDAwMDAzLip6ZmluYWwiLAp9LApsaWJhZWMgPSB7CmZuID0gIi9uZXQvbW9kdWxlcy9hcmNoL2RhbGVzLnJjNC9sbW9kL2xpbnV4LXVidW50dTIwLjA0LXg4Nl82NC9nY2MvMTIuMi4wL2xpYmFlYy8xLjAuNi1wZnRna2o2Lmx1YSIsCmZ1bGxOYW1lID0gImxpYmFlYy8xLjAuNi1wZnRna2o2IiwKbG9hZE9yZGVyID0gMTksCnByb3BUID0ge30sCnJlZl9jb3VudCA9IDEsCnN0YWNrRGVwdGggPSAyLApzdGF0dXMgPSAiYWN0aXZlIiwKdXNlck5hbWUgPSAibGliYWVjLzEuMC42LXBmdGdrajYiLAp3ViA9ICIwMDAwMDAwMDEuMDAwMDAwMDAwLjAwMDAwMDAwNi4qZnRna2ouMDAwMDAwMDA2Lip6ZmluYWwiLAp9LApsejQgPSB7CmZuID0gIi9uZXQvbW9k
HDF5_USE_FILE_LOCKING=FALSE
__LMOD_REF_COUNT_MANPATH=/net/modules/arch/dales.rc4/software/linux-ubuntu20.04-cascadelake/gcc-12.2.0/netcdf-fortran-4.6.1-6cmmpl6jomgcbgiarv5xczyyli2bxunk/share/man:1 /net/modules/arch/dales.rc4/software/linux-ubuntu20.04-cascadelake/gcc-12.2.0/netcdf-c-4.9.2-qbp2wqsapxzbje4k327seb3xferx4lce/share/man:1 /net/modules/arch/dales.rc4/software/linux-ubuntu20.04-cascadelake/gcc-12.2.0/libaec-1.0.6-pftgkj6vrm6twp3ayjgsy5ykhojzgb3q/share/man:1 /net/modules/arch/dales.rc4/software/linux-ubuntu20.04-cascadelake/gcc-12.2.0/pkgconf-2.2.0-wy55q25ryg5lir6vljzkha4ffpdmg2en/share/man:1 /net/modules/arch/dales.rc4/software/linux-ubuntu20.04-cascadelake/gcc-12.2.0/zstd-1.5.6-ecncrylnmrsza3szozn2flyaygxo2x7n/share/man:1 /net/modules/arch/dales.rc4/software/linux-ubuntu20.04-cascadelake/gcc-12.2.0/lz4-1.9.4-hpwp2hbkfzfhdnpzbvlf3nemz24nllbj/share/man:1 /net/modules/arch/dales.rc4/software/linux-ubuntu20.04-cascadelake/gcc-12.2.0/bzip2-1.0.8-qztcvw73c36rl4l5x6y2ymg3uuxzfuwj/man:1 /net/modules/arch/dales.rc4/software/linux-ubuntu20.04-cascadelake/gcc-12.2.0/fftw-3.3.10-7t76qiezed7wg2ufrobpsjddxj7k2on7/share/man:1 /net/modules/arch/dales.rc4/software/linux-ubuntu20.04-cascadelake/gcc-12.2.0/curl-8.7.1-udvwn2tqxfykj3n5eiyyvxrvmk46bi7z/share/man:1 /net/modules/arch/dales.rc4/software/linux-ubuntu20.04-cascadelake/gcc-12.2.0/zlib-ng-2.2.1-t35w63hwvoziqdj2e3t6jx247d3ylmse/share/man:1 /net/modules/arch/dales.rc4/software/linux-ubuntu20.04-cascadelake/gcc-12.2.0/nghttp2-1.62.0-s5jq7hnrioiki5qao2xqowoywwr5ndvz/share/man:1 /usr/share/man:1 /net/modules/lmod/lmod/share/man:1 :13
XDG_SESSION_ID=5793
_ModuleTable001_=X01vZHVsZVRhYmxlXyA9IHsKTVR2ZXJzaW9uID0gMywKY19yZWJ1aWxkVGltZSA9IGZhbHNlLApjX3Nob3J0VGltZSA9IGZhbHNlLApkZXB0aFQgPSB7fSwKZmFtaWx5ID0ge30sCm1UID0gewpiemlwMiA9IHsKZm4gPSAiL25ldC9tb2R1bGVzL2FyY2gvZGFsZXMucmM0L2xtb2QvbGludXgtdWJ1bnR1MjAuMDQteDg2XzY0L2djYy8xMi4yLjAvYnppcDIvMS4wLjgtcXp0Y3Z3Ny5sdWEiLApmdWxsTmFtZSA9ICJiemlwMi8xLjAuOC1xenRjdnc3IiwKbG9hZE9yZGVyID0gMTIsCnByb3BUID0ge30sCnJlZl9jb3VudCA9IDEsCnN0YWNrRGVwdGggPSAyLApzdGF0dXMgPSAiYWN0aXZlIiwKdXNlck5hbWUgPSAiYnppcDIvMS4wLjgtcXp0Y3Z3NyIsCndWID0gIjAwMDAwMDAwMS4w
LD_LIBRARY_PATH=/net/modules/arch/dales.rc4/software/linux-ubuntu20.04-cascadelake/gcc-12.2.0/hdf5-1.14.3-q7mdpdf2n5uap73mdlpjuhvazwmc4nhe/lib
SYST=gnu-fast
LC_CTYPE=C.UTF-8
XDG_RUNTIME_DIR=/run/user/550400312
_ModuleTable014_=aW5hbCIsCn0sCm9wZW5zc2wgPSB7CmZuID0gIi9uZXQvbW9kdWxlcy9hcmNoL2RhbGVzLnJjNC9sbW9kL2xpbnV4LXVidW50dTIwLjA0LXg4Nl82NC9nY2MvMTIuMi4wL29wZW5zc2wvMy4zLjEtYWxvZmZhYS5sdWEiLApmdWxsTmFtZSA9ICJvcGVuc3NsLzMuMy4xLWFsb2ZmYWEiLApsb2FkT3JkZXIgPSA2LApwcm9wVCA9IHt9LApyZWZfY291bnQgPSAxLApzdGFja0RlcHRoID0gMiwKc3RhdHVzID0gImFjdGl2ZSIsCnVzZXJOYW1lID0gIm9wZW5zc2wvMy4zLjEtYWxvZmZhYSIsCndWID0gIjAwMDAwMDAwMy4wMDAwMDAwMDMuMDAwMDAwMDAxLiphbG9mZmFhLip6ZmluYWwiLAp9LApwa2djb25mID0gewpmbiA9ICIvbmV0L21vZHVsZXMvYXJjaC9kYWxlcy5yYzQvbG1vZC9s
_ModuleTable004_=LzguNy4xLXVkdnduMnQubHVhIiwKZnVsbE5hbWUgPSAiY3VybC84LjcuMS11ZHZ3bjJ0IiwKbG9hZE9yZGVyID0gNywKcHJvcFQgPSB7fSwKcmVmX2NvdW50ID0gMSwKc3RhY2tEZXB0aCA9IDEsCnN0YXR1cyA9ICJhY3RpdmUiLAp1c2VyTmFtZSA9ICJjdXJsLzguNy4xLXVkdnduMnQiLAp3ViA9ICIwMDAwMDAwMDguMDAwMDAwMDA3LjAwMDAwMDAwMS4qdWR2d24uMDAwMDAwMDAyLip0Lip6ZmluYWwiLAp9LApbImRhbGVzLnJjNCJdID0gewpmbiA9ICIvbmV0L21vZHVsZXMvbm9hcmNoL21vZHVsZWZpbGVzL2RhbGVzLnJjNC5sdWEiLApmdWxsTmFtZSA9ICJkYWxlcy5yYzQiLApsb2FkT3JkZXIgPSAxLApwcm9wVCA9IHt9LApzdGFja0RlcHRoID0gMCwKc3RhdHVzID0gImFj
SSH_CLIENT=192.168.9.35 52243 22
XDG_DATA_DIRS=/usr/local/share:/usr/share:/var/lib/snapd/desktop
PATH=/net/modules/arch/dales.rc4/software/linux-ubuntu20.04-cascadelake/gcc-12.2.0/netcdf-fortran-4.6.1-6cmmpl6jomgcbgiarv5xczyyli2bxunk/bin:/net/modules/arch/dales.rc4/software/linux-ubuntu20.04-cascadelake/gcc-12.2.0/netcdf-c-4.9.2-qbp2wqsapxzbje4k327seb3xferx4lce/bin:/net/modules/arch/dales.rc4/software/linux-ubuntu20.04-cascadelake/gcc-12.2.0/libaec-1.0.6-pftgkj6vrm6twp3ayjgsy5ykhojzgb3q/bin:/net/modules/arch/dales.rc4/software/linux-ubuntu20.04-cascadelake/gcc-12.2.0/hdf5-1.14.3-q7mdpdf2n5uap73mdlpjuhvazwmc4nhe/bin:/net/modules/arch/dales.rc4/software/linux-ubuntu20.04-cascadelake/gcc-12.2.0/pkgconf-2.2.0-wy55q25ryg5lir6vljzkha4ffpdmg2en/bin:/net/modules/arch/dales.rc4/software/linux-ubuntu20.04-cascadelake/gcc-12.2.0/zstd-1.5.6-ecncrylnmrsza3szozn2flyaygxo2x7n/bin:/net/modules/arch/dales.rc4/software/linux-ubuntu20.04-cascadelake/gcc-12.2.0/lz4-1.9.4-hpwp2hbkfzfhdnpzbvlf3nemz24nllbj/bin:/net/modules/arch/dales.rc4/software/linux-ubuntu20.04-cascadelake/gcc-12.2.0/bzip2-1.0.8-qztcvw73c36rl4l5x6y2ymg3uuxzfuwj/bin:/net/modules/arch/dales.rc4/software/linux-ubuntu20.04-cascadelake/gcc-12.2.0/fftw-3.3.10-7t76qiezed7wg2ufrobpsjddxj7k2on7/bin:/net/modules/arch/dales.rc4/software/linux-ubuntu20.04-cascadelake/gcc-12.2.0/cmake-3.27.9-uvyfpssqs5dgbjudv2orrcnoqqhjjov3/bin:/net/modules/arch/dales.rc4/software/linux-ubuntu20.04-cascadelake/gcc-12.2.0/ncurses-6.5-aboxk66z4wutdljhxwm7ggomm67rkpzb/bin:/net/modules/arch/dales.rc4/software/linux-ubuntu20.04-cascadelake/gcc-12.2.0/gmake-4.4.1-5jshsm3cucr7wzwwnawejgswcnelejkn/bin:/net/modules/arch/dales.rc4/software/linux-ubuntu20.04-cascadelake/gcc-12.2.0/curl-8.7.1-udvwn2tqxfykj3n5eiyyvxrvmk46bi7z/bin:/net/modules/arch/dales.rc4/software/linux-ubuntu20.04-cascadelake/gcc-12.2.0/openssl-3.3.1-aloffaa6qulpgsemzzfinag6aszyctsg/bin:/net/modules/arch/dales.rc4/software/linux-ubuntu20.04-cascadelake/gcc-12.2.0/nghttp2-1.62.0-s5jq7hnrioiki5qao2xqowoywwr5ndvz/bin:/usr/local/sbin:/usr/local/bin:/usr/sbin:/usr/bin:/sbin:/bin:/usr/games:/usr/local/games:/snap/bin
MODULEPATH=/net/modules/noarch/modulefiles:/net/modules/generic/modulefiles:/net/modules/arch/dales.rc4/lmod/linux-ubuntu20.04-x86_64/gcc/12.2.0
_LMFILES_=/net/modules/noarch/modulefiles/dales.rc4.lua:/net/modules/arch/dales.rc4/lmod/linux-ubuntu20.04-x86_64/gcc/12.2.0/glibc/2.31-owsmanb.lua:/net/modules/arch/dales.rc4/lmod/linux-ubuntu20.04-x86_64/gcc/12.2.0/gcc-runtime/12.2.0-nkzreri.lua:/net/modules/arch/dales.rc4/lmod/linux-ubuntu20.04-x86_64/gcc/12.2.0/nghttp2/1.62.0-s5jq7hn.lua:/net/modules/arch/dales.rc4/lmod/linux-ubuntu20.04-x86_64/gcc/12.2.0/zlib-ng/2.2.1-t35w63h.lua:/net/modules/arch/dales.rc4/lmod/linux-ubuntu20.04-x86_64/gcc/12.2.0/openssl/3.3.1-aloffaa.lua:/net/modules/arch/dales.rc4/lmod/linux-ubuntu20.04-x86_64/gcc/12.2.0/curl/8.7.1-udvwn2t.lua:/net/modules/arch/dales.rc4/lmod/linux-ubuntu20.04-x86_64/gcc/12.2.0/gmake/4.4.1-5jshsm3.lua:/net/modules/arch/dales.rc4/lmod/linux-ubuntu20.04-x86_64/gcc/12.2.0/ncurses/6.5-aboxk66.lua:/net/modules/arch/dales.rc4/lmod/linux-ubuntu20.04-x86_64/gcc/12.2.0/cmake/3.27.9.lua:/net/modules/arch/dales.rc4/lmod/linux-ubuntu20.04-x86_64/gcc/12.2.0/fftw/3.3.10.lua:/net/modules/arch/dales.rc4/lmod/linux-ubuntu20.04-x86_64/gcc/12.2.0/bzip2/1.0.8-qztcvw7.lua:/net/modules/arch/dales.rc4/lmod/linux-ubuntu20.04-x86_64/gcc/12.2.0/lz4/1.9.4-hpwp2hb.lua:/net/modules/arch/dales.rc4/lmod/linux-ubuntu20.04-x86_64/gcc/12.2.0/snappy/1.1.10-34plv7e.lua:/net/modules/arch/dales.rc4/lmod/linux-ubuntu20.04-x86_64/gcc/12.2.0/zstd/1.5.6-ecncryl.lua:/net/modules/arch/dales.rc4/lmod/linux-ubuntu20.04-x86_64/gcc/12.2.0/c-blosc/1.21.5-5y73hw7.lua:/net/modules/arch/dales.rc4/lmod/linux-ubuntu20.04-x86_64/gcc/12.2.0/pkgconf/2.2.0-wy55q25.lua:/net/modules/arch/dales.rc4/lmod/linux-ubuntu20.04-x86_64/gcc/12.2.0/hdf5/1.14.3.lua:/net/modules/arch/dales.rc4/lmod/linux-ubuntu20.04-x86_64/gcc/12.2.0/libaec/1.0.6-pftgkj6.lua:/net/modules/arch/dales.rc4/lmod/linux-ubuntu20.04-x86_64/gcc/12.2.0/netcdf-c/4.9.2.lua:/net/modules/arch/dales.rc4/lmod/linux-ubuntu20.04-x86_64/gcc/12.2.0/netcdf-fortran/4.6.1.lua
__LMOD_REF_COUNT_HDF5_PLUGIN_PATH=/net/modules/arch/dales.rc4/software/linux-ubuntu20.04-cascadelake/gcc-12.2.0/netcdf-c-4.9.2-qbp2wqsapxzbje4k327seb3xferx4lce/plugins:1
DBUS_SESSION_BUS_ADDRESS=unix:path=/run/user/550400312/bus
LMOD_CMD=/net/modules/lmod/lmod/libexec/lmod
SSH_TTY=/dev/pts/5
__LMOD_REF_COUNT_LD_LIBRARY_PATH=/net/modules/arch/dales.rc4/software/linux-ubuntu20.04-cascadelake/gcc-12.2.0/hdf5-1.14.3-q7mdpdf2n5uap73mdlpjuhvazwmc4nhe/lib:1
OLDPWD=/home/annelot/dales-dev
BASH_FUNC_ml%%=() {  eval "$($LMOD_DIR/ml_cmd "$@")"
}
BASH_FUNC_module%%=() {  if [ -z "${LMOD_SH_DBG_ON+x}" ]  then
 case "$-" in 
 *v*x*)
 __lmod_sh_dbg='vx'
   
 *v*)
 __lmod_sh_dbg='v'
   
 *x*)
 __lmod_sh_dbg='x'
   
 esac 
 fi 
 if [ -n "${__lmod_sh_dbg:-}" ]  then
 set +$__lmod_sh_dbg 
 echo "Shell debugging temporarily silenced: export LMOD_SH_DBG_ON=1 for Lmod's output" 1>&2 
 fi 
 eval "$($LMOD_CMD shell "$@")" && eval "$(${LMOD_SETTARG_CMD:-:} -s sh)" 
 __lmod_my_status=$? 
 if [ -n "${__lmod_sh_dbg:-}" ]  then
 echo "Shell debugging restarted" 1>&2 
 set -$__lmod_sh_dbg 
 fi 
 unset __lmod_sh_dbg 
 return $__lmod_my_status
}
_=/net/modules/arch/dales.rc4/software/linux-ubuntu20.04-cascadelake/gcc-12.2.0/cmake-3.27.9-uvyfpssqs5dgbjudv2orrcnoqqhjjov3/bin/cmake
FC=/usr/bin/f95
LC_ALL=
LC_MESSAGES=

2026-09-04T16:19:45 - DALES - DEBUG - ---------------------------------------------------------
2026-09-04T16:19:45 - DALES - INFO - ecbuild   3.9.0	/home/annelot/dales-dev/external/ecbuild/cmake
2026-09-04T16:19:45 - DALES - INFO - cmake     3.27.9	/net/modules/arch/dales.rc4/software/linux-ubuntu20.04-cascadelake/gcc-12.2.0/cmake-3.27.9-uvyfpssqs5dgbjudv2orrcnoqqhjjov3/bin/cmake
2026-09-04T16:19:45 - DALES - INFO - ---------------------------------------------------------
2026-09-04T16:19:46 - DALES - DEBUG - ecbuild_compiler_flags(Fortran): try include /home/annelot/dales-dev/external/ecbuild/cmake/compiler_flags/GNU_Fortran.cmake 
2026-09-04T16:19:46 - DALES - DEBUG - CMAKE_Fortran_FLAGS : 
2026-09-04T16:19:46 - DALES - DEBUG - CMAKE_Fortran_FLAGS_NONE : 
2026-09-04T16:19:46 - DALES - DEBUG - CMAKE_Fortran_FLAGS_DEBUG : -O0 -g -fcheck=bounds -fbacktrace -finit-real=snan
2026-09-04T16:19:46 - DALES - DEBUG - CMAKE_Fortran_FLAGS_BIT : -O2 -DNDEBUG -fno-range-check
2026-09-04T16:19:46 - DALES - DEBUG - CMAKE_Fortran_FLAGS_PRODUCTION : -O2 -g
2026-09-04T16:19:46 - DALES - DEBUG - CMAKE_Fortran_FLAGS_RELEASE : -O3 -DNDEBUG -funroll-all-loops -finline-functions
2026-09-04T16:19:46 - DALES - DEBUG - CMAKE_Fortran_FLAGS_RELWITHDEBINFO : -O2 -g -DNDEBUG
2026-09-04T16:19:47 - DALES - DEBUG - ecbuild_compiler_flags(C): try include /home/annelot/dales-dev/external/ecbuild/cmake/compiler_flags/GNU_C.cmake 
2026-09-04T16:19:47 - DALES - DEBUG - CMAKE_C_FLAGS : 
2026-09-04T16:19:47 - DALES - DEBUG - CMAKE_C_FLAGS_NONE : 
2026-09-04T16:19:47 - DALES - DEBUG - CMAKE_C_FLAGS_DEBUG : -O0 -g
2026-09-04T16:19:47 - DALES - DEBUG - CMAKE_C_FLAGS_BIT : -O2 -DNDEBUG
2026-09-04T16:19:47 - DALES - DEBUG - CMAKE_C_FLAGS_PRODUCTION : -O2 -g
2026-09-04T16:19:47 - DALES - DEBUG - CMAKE_C_FLAGS_RELEASE : -O3 -DNDEBUG
2026-09-04T16:19:47 - DALES - DEBUG - CMAKE_C_FLAGS_RELWITHDEBINFO : -O2 -g -DNDEBUG
2026-09-04T16:19:47 - DALES - DEBUG - call ecbuild_add_c_flags( -pipe NO_FAIL )
2026-09-04T16:19:47 - DALES - DEBUG - call ecbuild_add_lang_flags( -pipe NO_FAIL LANG C )
2026-09-04T16:19:47 - DALES - DEBUG - CMAKE_C_COMPILER_LOADED [1]
2026-09-04T16:19:47 - DALES - DEBUG - check_c_compiler_flag( -pipe DALES_C_FLAG_TEST_1 )
2026-09-04T16:19:47 - DALES - DEBUG - C flag [-pipe] check resulted [1]
2026-09-04T16:19:47 - DALES - INFO - Added C flag [-pipe]
2026-09-04T16:19:51 - DALES - INFO - ---------------------------------------------------------
2026-09-04T16:19:51 - DALES - INFO - ---------------------------------------------------------
2026-09-04T16:19:51 - DALES - INFO - [32m[DALES] (5.0.0) [939508f][m
2026-09-04T16:19:51 - DALES - DEBUG - ecbuild_add_option(TESTS): defaults to ON
2026-09-04T16:19:51 - DALES - DEBUG - ecbuild_evaluate_dynamic_condition(_TESTS_condition): checking condition '' -> TRUE
2026-09-04T16:19:51 - DALES - DEBUG - ecbuild_add_option(TESTS): ENABLE_TESTS not found in cache
2026-09-04T16:19:51 - DALES - DEBUG - ecbuild_add_option(TESTS): defining option ENABLE_TESTS 'Enable the unit tests' ON
2026-09-04T16:19:51 - DALES - DEBUG - ecbuild_add_option(TESTS): ENABLE_TESTS=ON
2026-09-04T16:19:51 - DALES - DEBUG - ecbuild_add_option(TESTS): feature requested to be enabled
2026-09-04T16:19:51 - DALES - INFO - Feature TESTS enabled
2026-09-04T16:19:51 - DALES - DEBUG - MEMORYCHECK_COMMAND : MEMORYCHECK_COMMAND-NOTFOUND
2026-09-04T16:19:51 - DALES - DEBUG - MEMORYCHECK_COMMAND_OPTIONS : --trace-children=yes --leak-check=full --error-exitcode=1
2026-09-04T16:19:51 - DALES - DEBUG - MEMORYCHECK_SUPPRESSIONS_FILE : 
2026-09-04T16:19:51 - DALES - DEBUG - ecbuild_add_option(PKGCONFIG): defaults to ON
2026-09-04T16:19:51 - DALES - DEBUG - ecbuild_evaluate_dynamic_condition(_PKGCONFIG_condition): checking condition '' -> TRUE
2026-09-04T16:19:51 - DALES - DEBUG - ecbuild_add_option(PKGCONFIG): ENABLE_PKGCONFIG not found in cache
2026-09-04T16:19:51 - DALES - DEBUG - ecbuild_add_option(PKGCONFIG): defining option ENABLE_PKGCONFIG 'Enable ecbuild_pkgconfig' ON
2026-09-04T16:19:51 - DALES - DEBUG - ecbuild_add_option(PKGCONFIG): ENABLE_PKGCONFIG=ON
2026-09-04T16:19:51 - DALES - DEBUG - ecbuild_add_option(PKGCONFIG): feature requested to be enabled
2026-09-04T16:19:51 - DALES - INFO - Feature PKGCONFIG enabled
2026-09-04T16:19:51 - DALES - DEBUG - ecbuild_add_option(FFTW): defaults to ON
2026-09-04T16:19:51 - DALES - DEBUG - ecbuild_evaluate_dynamic_condition(_FFTW_condition): checking condition '' -> TRUE
2026-09-04T16:19:51 - DALES - DEBUG - ecbuild_add_option(FFTW): ENABLE_FFTW not found in cache
2026-09-04T16:19:51 - DALES - DEBUG - ecbuild_add_option(FFTW): defining option ENABLE_FFTW 'Build with FFTW' ON
2026-09-04T16:19:51 - DALES - DEBUG - ecbuild_add_option(FFTW): ENABLE_FFTW=ON
2026-09-04T16:19:51 - DALES - DEBUG - ecbuild_add_option(FFTW): feature requested to be enabled
2026-09-04T16:19:51 - DALES - DEBUG - ecbuild_add_option(FFTW): searching for dependent package NAME FFTW COMPONENTS single double
2026-09-04T16:19:51 - DALES - DEBUG - ecbuild_find_package_search_hints(FFTW): Detected variables that could influence find_package() :
             - ENV{CMAKE_PREFIX_PATH}: /net/modules/arch/dales.rc4/software/linux-ubuntu20.04-cascadelake/gcc-12.2.0/netcdf-fortran-4.6.1-6cmmpl6jomgcbgiarv5xczyyli2bxunk:/net/modules/arch/dales.rc4/software/linux-ubuntu20.04-cascadelake/gcc-12.2.0/netcdf-c-4.9.2-qbp2wqsapxzbje4k327seb3xferx4lce:/net/modules/arch/dales.rc4/software/linux-ubuntu20.04-cascadelake/gcc-12.2.0/libaec-1.0.6-pftgkj6vrm6twp3ayjgsy5ykhojzgb3q:/net/modules/arch/dales.rc4/software/linux-ubuntu20.04-cascadelake/gcc-12.2.0/hdf5-1.14.3-q7mdpdf2n5uap73mdlpjuhvazwmc4nhe:/net/modules/arch/dales.rc4/software/linux-ubuntu20.04-cascadelake/gcc-12.2.0/pkgconf-2.2.0-wy55q25ryg5lir6vljzkha4ffpdmg2en:/net/modules/arch/dales.rc4/software/linux-ubuntu20.04-cascadelake/gcc-12.2.0/c-blosc-1.21.5-5y73hw7tz4weufz7cezrnij6hwo6itnu:/net/modules/arch/dales.rc4/software/linux-ubuntu20.04-cascadelake/gcc-12.2.0/zstd-1.5.6-ecncrylnmrsza3szozn2flyaygxo2x7n:/net/modules/arch/dales.rc4/software/linux-ubuntu20.04-cascadelake/gcc-12.2.0/snappy-1.1.10-34plv7e5bnuluwodaimrdfhs3eug5pbv:/net/modules/arch/dales.rc4/software/linux-ubuntu20.04-cascadelake/gcc-12.2.0/lz4-1.9.4-hpwp2hbkfzfhdnpzbvlf3nemz24nllbj:/net/modules/arch/dales.rc4/software/linux-ubuntu20.04-cascadelake/gcc-12.2.0/bzip2-1.0.8-qztcvw73c36rl4l5x6y2ymg3uuxzfuwj:/net/modules/arch/dales.rc4/software/linux-ubuntu20.04-cascadelake/gcc-12.2.0/fftw-3.3.10-7t76qiezed7wg2ufrobpsjddxj7k2on7:/net/modules/arch/dales.rc4/software/linux-ubuntu20.04-cascadelake/gcc-12.2.0/cmake-3.27.9-uvyfpssqs5dgbjudv2orrcnoqqhjjov3:/net/modules/arch/dales.rc4/software/linux-ubuntu20.04-cascadelake/gcc-12.2.0/ncurses-6.5-aboxk66z4wutdljhxwm7ggomm67rkpzb:/net/modules/arch/dales.rc4/software/linux-ubuntu20.04-cascadelake/gcc-12.2.0/gmake-4.4.1-5jshsm3cucr7wzwwnawejgswcnelejkn:/net/modules/arch/dales.rc4/software/linux-ubuntu20.04-cascadelake/gcc-12.2.0/curl-8.7.1-udvwn2tqxfykj3n5eiyyvxrvmk46bi7z:/net/modules/arch/dales.rc4/software/linux-ubuntu20.04-cascadelake/gcc-12.2.0/openssl-3.3.1-aloffaa6qulpgsemzzfinag6aszyctsg:/net/modules/arch/dales.rc4/software/linux-ubuntu20.04-cascadelake/gcc-12.2.0/zlib-ng-2.2.1-t35w63hwvoziqdj2e3t6jx247d3ylmse:/net/modules/arch/dales.rc4/software/linux-ubuntu20.04-cascadelake/gcc-12.2.0/nghttp2-1.62.0-s5jq7hnrioiki5qao2xqowoywwr5ndvz:/net/modules/arch/dales.rc4/software/linux-ubuntu20.04-cascadelake/gcc-12.2.0/gcc-runtime-12.2.0-nkzrerixxbksgxdp7rf5huc2klo4h2nk
2026-09-04T16:19:51 - DALES - DEBUG - ecbuild_find_package(FFTW): find_package( FFTW   COMPONENTS single double MODULE )
2026-09-04T16:19:51 - DALES - INFO - DALES FOUND FFTW
2026-09-04T16:19:51 - DALES - INFO -    FFTW_INCLUDE_DIRS : [/net/modules/arch/dales.rc4/software/linux-ubuntu20.04-cascadelake/gcc-12.2.0/fftw-3.3.10-7t76qiezed7wg2ufrobpsjddxj7k2on7/include]
2026-09-04T16:19:51 - DALES - INFO -    FFTW_LIBRARIES : [/net/modules/arch/dales.rc4/software/linux-ubuntu20.04-cascadelake/gcc-12.2.0/fftw-3.3.10-7t76qiezed7wg2ufrobpsjddxj7k2on7/lib/libfftw3f.so /net/modules/arch/dales.rc4/software/linux-ubuntu20.04-cascadelake/gcc-12.2.0/fftw-3.3.10-7t76qiezed7wg2ufrobpsjddxj7k2on7/lib/libfftw3.so]
2026-09-04T16:19:51 - DALES - INFO - Found package FFTW required for feature FFTW
2026-09-04T16:19:51 - DALES - INFO - Feature FFTW enabled
2026-09-04T16:19:51 - DALES - DEBUG - ecbuild_add_option(HYPRE): defaults to OFF
2026-09-04T16:19:51 - DALES - DEBUG - ecbuild_evaluate_dynamic_condition(_HYPRE_condition): checking condition '' -> TRUE
2026-09-04T16:19:51 - DALES - DEBUG - ecbuild_add_option(HYPRE): ENABLE_HYPRE not found in cache
2026-09-04T16:19:51 - DALES - DEBUG - ecbuild_add_option(HYPRE): defining option ENABLE_HYPRE 'Build with HYPRE' OFF
2026-09-04T16:19:51 - DALES - DEBUG - ecbuild_add_option(HYPRE): ENABLE_HYPRE=OFF
2026-09-04T16:19:51 - DALES - INFO - Feature HYPRE disabled
2026-09-04T16:19:51 - DALES - DEBUG - ecbuild_add_option(FP32_FIELDS): defaults to OFF
2026-09-04T16:19:51 - DALES - DEBUG - ecbuild_evaluate_dynamic_condition(_FP32_FIELDS_condition): checking condition '' -> TRUE
2026-09-04T16:19:51 - DALES - DEBUG - ecbuild_add_option(FP32_FIELDS): ENABLE_FP32_FIELDS not found in cache
2026-09-04T16:19:51 - DALES - DEBUG - ecbuild_add_option(FP32_FIELDS): defining option ENABLE_FP32_FIELDS 'Use single precision for fields' OFF
2026-09-04T16:19:51 - DALES - DEBUG - ecbuild_add_option(FP32_FIELDS): ENABLE_FP32_FIELDS=OFF
2026-09-04T16:19:51 - DALES - INFO - Feature FP32_FIELDS disabled
2026-09-04T16:19:51 - DALES - DEBUG - ecbuild_add_option(FP32_POIS): defaults to OFF
2026-09-04T16:19:51 - DALES - DEBUG - ecbuild_evaluate_dynamic_condition(_FP32_POIS_condition): checking condition '' -> TRUE
2026-09-04T16:19:51 - DALES - DEBUG - ecbuild_add_option(FP32_POIS): ENABLE_FP32_POIS not found in cache
2026-09-04T16:19:51 - DALES - DEBUG - ecbuild_add_option(FP32_POIS): defining option ENABLE_FP32_POIS 'Use single precision for Poisson solver' OFF
2026-09-04T16:19:51 - DALES - DEBUG - ecbuild_add_option(FP32_POIS): ENABLE_FP32_POIS=OFF
2026-09-04T16:19:51 - DALES - INFO - Feature FP32_POIS disabled
2026-09-04T16:19:51 - DALES - DEBUG - ecbuild_add_option(FP32_RAD): defaults to OFF
2026-09-04T16:19:51 - DALES - DEBUG - ecbuild_evaluate_dynamic_condition(_FP32_RAD_condition): checking condition '' -> TRUE
2026-09-04T16:19:51 - DALES - DEBUG - ecbuild_add_option(FP32_RAD): ENABLE_FP32_RAD not found in cache
2026-09-04T16:19:51 - DALES - DEBUG - ecbuild_add_option(FP32_RAD): defining option ENABLE_FP32_RAD 'Use single precision for RTE-RRTMGP (use with caution!)' OFF
2026-09-04T16:19:51 - DALES - DEBUG - ecbuild_add_option(FP32_RAD): ENABLE_FP32_RAD=OFF
2026-09-04T16:19:51 - DALES - INFO - Feature FP32_RAD disabled
2026-09-04T16:19:51 - DALES - DEBUG - ecbuild_add_option(DALESLIB): defaults to OFF
2026-09-04T16:19:51 - DALES - DEBUG - ecbuild_evaluate_dynamic_condition(_DALESLIB_condition): checking condition '' -> TRUE
2026-09-04T16:19:51 - DALES - DEBUG - ecbuild_add_option(DALESLIB): ENABLE_DALESLIB not found in cache
2026-09-04T16:19:51 - DALES - DEBUG - ecbuild_add_option(DALESLIB): defining option ENABLE_DALESLIB 'Build DALES libraries for use with OMUSE' OFF
2026-09-04T16:19:51 - DALES - DEBUG - ecbuild_add_option(DALESLIB): ENABLE_DALESLIB=OFF
2026-09-04T16:19:51 - DALES - INFO - Feature DALESLIB disabled
2026-09-04T16:19:51 - DALES - DEBUG - ecbuild_add_option(ACC): defaults to OFF
2026-09-04T16:19:51 - DALES - DEBUG - ecbuild_evaluate_dynamic_condition(_ACC_condition): checking condition '' -> TRUE
2026-09-04T16:19:51 - DALES - DEBUG - ecbuild_add_option(ACC): ENABLE_ACC not found in cache
2026-09-04T16:19:51 - DALES - DEBUG - ecbuild_add_option(ACC): defining option ENABLE_ACC 'Build with GPU support through OpenACC' OFF
2026-09-04T16:19:51 - DALES - DEBUG - ecbuild_add_option(ACC): ENABLE_ACC=OFF
2026-09-04T16:19:51 - DALES - INFO - Feature ACC disabled
2026-09-04T16:19:51 - DALES - DEBUG - ecbuild_add_option(RRTMG): defaults to ON
2026-09-04T16:19:51 - DALES - DEBUG - ecbuild_evaluate_dynamic_condition(_RRTMG_condition): checking condition '' -> TRUE
2026-09-04T16:19:51 - DALES - DEBUG - ecbuild_add_option(RRTMG): ENABLE_RRTMG not found in cache
2026-09-04T16:19:51 - DALES - DEBUG - ecbuild_add_option(RRTMG): defining option ENABLE_RRTMG 'Build with legacy RRTMG libraries' ON
2026-09-04T16:19:51 - DALES - DEBUG - ecbuild_add_option(RRTMG): ENABLE_RRTMG=ON
2026-09-04T16:19:51 - DALES - DEBUG - ecbuild_add_option(RRTMG): feature requested to be enabled
2026-09-04T16:19:51 - DALES - INFO - Feature RRTMG enabled
2026-09-04T16:19:51 - DALES - DEBUG - ecbuild_find_package_search_hints(NetCDF): Detected variables that could influence find_package() :
             - ENV{CMAKE_PREFIX_PATH}: /net/modules/arch/dales.rc4/software/linux-ubuntu20.04-cascadelake/gcc-12.2.0/netcdf-fortran-4.6.1-6cmmpl6jomgcbgiarv5xczyyli2bxunk:/net/modules/arch/dales.rc4/software/linux-ubuntu20.04-cascadelake/gcc-12.2.0/netcdf-c-4.9.2-qbp2wqsapxzbje4k327seb3xferx4lce:/net/modules/arch/dales.rc4/software/linux-ubuntu20.04-cascadelake/gcc-12.2.0/libaec-1.0.6-pftgkj6vrm6twp3ayjgsy5ykhojzgb3q:/net/modules/arch/dales.rc4/software/linux-ubuntu20.04-cascadelake/gcc-12.2.0/hdf5-1.14.3-q7mdpdf2n5uap73mdlpjuhvazwmc4nhe:/net/modules/arch/dales.rc4/software/linux-ubuntu20.04-cascadelake/gcc-12.2.0/pkgconf-2.2.0-wy55q25ryg5lir6vljzkha4ffpdmg2en:/net/modules/arch/dales.rc4/software/linux-ubuntu20.04-cascadelake/gcc-12.2.0/c-blosc-1.21.5-5y73hw7tz4weufz7cezrnij6hwo6itnu:/net/modules/arch/dales.rc4/software/linux-ubuntu20.04-cascadelake/gcc-12.2.0/zstd-1.5.6-ecncrylnmrsza3szozn2flyaygxo2x7n:/net/modules/arch/dales.rc4/software/linux-ubuntu20.04-cascadelake/gcc-12.2.0/snappy-1.1.10-34plv7e5bnuluwodaimrdfhs3eug5pbv:/net/modules/arch/dales.rc4/software/linux-ubuntu20.04-cascadelake/gcc-12.2.0/lz4-1.9.4-hpwp2hbkfzfhdnpzbvlf3nemz24nllbj:/net/modules/arch/dales.rc4/software/linux-ubuntu20.04-cascadelake/gcc-12.2.0/bzip2-1.0.8-qztcvw73c36rl4l5x6y2ymg3uuxzfuwj:/net/modules/arch/dales.rc4/software/linux-ubuntu20.04-cascadelake/gcc-12.2.0/fftw-3.3.10-7t76qiezed7wg2ufrobpsjddxj7k2on7:/net/modules/arch/dales.rc4/software/linux-ubuntu20.04-cascadelake/gcc-12.2.0/cmake-3.27.9-uvyfpssqs5dgbjudv2orrcnoqqhjjov3:/net/modules/arch/dales.rc4/software/linux-ubuntu20.04-cascadelake/gcc-12.2.0/ncurses-6.5-aboxk66z4wutdljhxwm7ggomm67rkpzb:/net/modules/arch/dales.rc4/software/linux-ubuntu20.04-cascadelake/gcc-12.2.0/gmake-4.4.1-5jshsm3cucr7wzwwnawejgswcnelejkn:/net/modules/arch/dales.rc4/software/linux-ubuntu20.04-cascadelake/gcc-12.2.0/curl-8.7.1-udvwn2tqxfykj3n5eiyyvxrvmk46bi7z:/net/modules/arch/dales.rc4/software/linux-ubuntu20.04-cascadelake/gcc-12.2.0/openssl-3.3.1-aloffaa6qulpgsemzzfinag6aszyctsg:/net/modules/arch/dales.rc4/software/linux-ubuntu20.04-cascadelake/gcc-12.2.0/zlib-ng-2.2.1-t35w63hwvoziqdj2e3t6jx247d3ylmse:/net/modules/arch/dales.rc4/software/linux-ubuntu20.04-cascadelake/gcc-12.2.0/nghttp2-1.62.0-s5jq7hnrioiki5qao2xqowoywwr5ndvz:/net/modules/arch/dales.rc4/software/linux-ubuntu20.04-cascadelake/gcc-12.2.0/gcc-runtime-12.2.0-nkzrerixxbksgxdp7rf5huc2klo4h2nk
2026-09-04T16:19:51 - DALES - DEBUG - ecbuild_find_package(NetCDF): find_package( NetCDF   COMPONENTS Fortran C MODULE )
2026-09-04T16:19:51 - DALES - INFO - DALES FOUND NetCDF (found version "4.9.2")
2026-09-04T16:19:51 - DALES - DEBUG - ecbuild_find_package_search_hints(MPI): Detected variables that could influence find_package() :
             - ENV{CMAKE_PREFIX_PATH}: /net/modules/arch/dales.rc4/software/linux-ubuntu20.04-cascadelake/gcc-12.2.0/netcdf-fortran-4.6.1-6cmmpl6jomgcbgiarv5xczyyli2bxunk:/net/modules/arch/dales.rc4/software/linux-ubuntu20.04-cascadelake/gcc-12.2.0/netcdf-c-4.9.2-qbp2wqsapxzbje4k327seb3xferx4lce:/net/modules/arch/dales.rc4/software/linux-ubuntu20.04-cascadelake/gcc-12.2.0/libaec-1.0.6-pftgkj6vrm6twp3ayjgsy5ykhojzgb3q:/net/modules/arch/dales.rc4/software/linux-ubuntu20.04-cascadelake/gcc-12.2.0/hdf5-1.14.3-q7mdpdf2n5uap73mdlpjuhvazwmc4nhe:/net/modules/arch/dales.rc4/software/linux-ubuntu20.04-cascadelake/gcc-12.2.0/pkgconf-2.2.0-wy55q25ryg5lir6vljzkha4ffpdmg2en:/net/modules/arch/dales.rc4/software/linux-ubuntu20.04-cascadelake/gcc-12.2.0/c-blosc-1.21.5-5y73hw7tz4weufz7cezrnij6hwo6itnu:/net/modules/arch/dales.rc4/software/linux-ubuntu20.04-cascadelake/gcc-12.2.0/zstd-1.5.6-ecncrylnmrsza3szozn2flyaygxo2x7n:/net/modules/arch/dales.rc4/software/linux-ubuntu20.04-cascadelake/gcc-12.2.0/snappy-1.1.10-34plv7e5bnuluwodaimrdfhs3eug5pbv:/net/modules/arch/dales.rc4/software/linux-ubuntu20.04-cascadelake/gcc-12.2.0/lz4-1.9.4-hpwp2hbkfzfhdnpzbvlf3nemz24nllbj:/net/modules/arch/dales.rc4/software/linux-ubuntu20.04-cascadelake/gcc-12.2.0/bzip2-1.0.8-qztcvw73c36rl4l5x6y2ymg3uuxzfuwj:/net/modules/arch/dales.rc4/software/linux-ubuntu20.04-cascadelake/gcc-12.2.0/fftw-3.3.10-7t76qiezed7wg2ufrobpsjddxj7k2on7:/net/modules/arch/dales.rc4/software/linux-ubuntu20.04-cascadelake/gcc-12.2.0/cmake-3.27.9-uvyfpssqs5dgbjudv2orrcnoqqhjjov3:/net/modules/arch/dales.rc4/software/linux-ubuntu20.04-cascadelake/gcc-12.2.0/ncurses-6.5-aboxk66z4wutdljhxwm7ggomm67rkpzb:/net/modules/arch/dales.rc4/software/linux-ubuntu20.04-cascadelake/gcc-12.2.0/gmake-4.4.1-5jshsm3cucr7wzwwnawejgswcnelejkn:/net/modules/arch/dales.rc4/software/linux-ubuntu20.04-cascadelake/gcc-12.2.0/curl-8.7.1-udvwn2tqxfykj3n5eiyyvxrvmk46bi7z:/net/modules/arch/dales.rc4/software/linux-ubuntu20.04-cascadelake/gcc-12.2.0/openssl-3.3.1-aloffaa6qulpgsemzzfinag6aszyctsg:/net/modules/arch/dales.rc4/software/linux-ubuntu20.04-cascadelake/gcc-12.2.0/zlib-ng-2.2.1-t35w63hwvoziqdj2e3t6jx247d3ylmse:/net/modules/arch/dales.rc4/software/linux-ubuntu20.04-cascadelake/gcc-12.2.0/nghttp2-1.62.0-s5jq7hnrioiki5qao2xqowoywwr5ndvz:/net/modules/arch/dales.rc4/software/linux-ubuntu20.04-cascadelake/gcc-12.2.0/gcc-runtime-12.2.0-nkzrerixxbksgxdp7rf5huc2klo4h2nk
2026-09-04T16:19:51 - DALES - DEBUG - ecbuild_find_package(MPI): find_package( MPI   COMPONENTS Fortran MODULE )
2026-09-04T16:19:55 - DALES - INFO - DALES FOUND MPI
2026-09-04T16:19:55 - DALES - WARNING - NetCDF library does not have parallel functionality
2026-09-04T16:19:55 - DALES - DEBUG - call ecbuild_add_fortran_flags( -cpp -W -Wall -Wno-tabs -Wno-compare-reals -fdefault-real-8 -fdefault-double-8 -march=native -ffree-line-length-none -std=gnu -Werror=implicit-interface )
2026-09-04T16:19:55 - DALES - DEBUG - call ecbuild_add_lang_flags( -cpp -W -Wall -Wno-tabs -Wno-compare-reals -fdefault-real-8 -fdefault-double-8 -march=native -ffree-line-length-none -std=gnu -Werror=implicit-interface LANG Fortran )
2026-09-04T16:19:55 - DALES - DEBUG - CMAKE_Fortran_COMPILER_LOADED [1]
2026-09-04T16:19:55 - DALES - DEBUG - check_fortran_compiler_flag( -cpp -W -Wall -Wno-tabs -Wno-compare-reals -fdefault-real-8 -fdefault-double-8 -march=native -ffree-line-length-none -std=gnu -Werror=implicit-interface DALES_Fortran_FLAG_TEST_1 )
2026-09-04T16:19:56 - DALES - DEBUG - Fortran flag [-cpp -W -Wall -Wno-tabs -Wno-compare-reals -fdefault-real-8 -fdefault-double-8 -march=native -ffree-line-length-none -std=gnu -Werror=implicit-interface] check resulted [1]
2026-09-04T16:19:56 - DALES - INFO - Added Fortran flag [-cpp -W -Wall -Wno-tabs -Wno-compare-reals -fdefault-real-8 -fdefault-double-8 -march=native -ffree-line-length-none -std=gnu -Werror=implicit-interface]
2026-09-04T16:19:56 - DALES - DEBUG - call ecbuild_add_fortran_flags( -funroll-all-loops -fno-f2c -Ofast -g -fbacktrace BUILD RELEASE )
2026-09-04T16:19:56 - DALES - DEBUG - call ecbuild_add_lang_flags( -funroll-all-loops -fno-f2c -Ofast -g -fbacktrace BUILD RELEASE LANG Fortran )
2026-09-04T16:19:56 - DALES - DEBUG - CMAKE_Fortran_COMPILER_LOADED [1]
2026-09-04T16:19:56 - DALES - DEBUG - check_fortran_compiler_flag( -funroll-all-loops -fno-f2c -Ofast -g -fbacktrace DALES_Fortran_FLAG_TEST_2 )
2026-09-04T16:19:56 - DALES - DEBUG - Fortran flag [-funroll-all-loops -fno-f2c -Ofast -g -fbacktrace] check resulted [1]
2026-09-04T16:19:56 - DALES - INFO - Added Fortran flag [-funroll-all-loops -fno-f2c -Ofast -g -fbacktrace] to build type RELEASE
2026-09-04T16:19:56 - DALES - DEBUG - call ecbuild_add_fortran_flags( -finit-real=snan -fcheck=all -fbacktrace -fno-f2c -O0 -g -ffpe-trap=invalid,zero,overflow BUILD DEBUG )
2026-09-04T16:19:56 - DALES - DEBUG - call ecbuild_add_lang_flags( -finit-real=snan -fcheck=all -fbacktrace -fno-f2c -O0 -g -ffpe-trap=invalid,zero,overflow BUILD DEBUG LANG Fortran )
2026-09-04T16:19:56 - DALES - DEBUG - CMAKE_Fortran_COMPILER_LOADED [1]
2026-09-04T16:19:56 - DALES - DEBUG - check_fortran_compiler_flag( -finit-real=snan -fcheck=all -fbacktrace -fno-f2c -O0 -g -ffpe-trap=invalid,zero,overflow DALES_Fortran_FLAG_TEST_3 )
2026-09-04T16:19:56 - DALES - DEBUG - Fortran flag [-finit-real=snan -fcheck=all -fbacktrace -fno-f2c -O0 -g -ffpe-trap=invalid,zero,overflow] check resulted [1]
2026-09-04T16:19:56 - DALES - INFO - Added Fortran flag [-finit-real=snan -fcheck=all -fbacktrace -fno-f2c -O0 -g -ffpe-trap=invalid,zero,overflow] to build type DEBUG
2026-09-04T16:19:56 - DALES - INFO - Fetching fortran-support
2026-09-04T16:20:00 - DALES - DEBUG - CMake project(fortran-support) 
2026-09-04T16:20:02 - DALES - INFO - Fetching RTE-RRTMGP
2026-09-04T16:20:14 - DALES - DEBUG - CMake project(rte-rrtmgp) 
2026-09-04T16:20:14 - DALES - DEBUG - ecbuild_evaluate_dynamic_condition(_dales_condition): checking condition '' -> TRUE
2026-09-04T16:20:14 - DALES - DEBUG - ecbuild_find_perl: found perl version 5.30.0 as /usr/bin/perl
2026-09-04T16:20:14 - DALES - DEBUG - ecbuild_add_persistent: adding persistent layer for []
2026-09-04T16:20:14 - DALES - DEBUG - ecbuild_add_executable(dales): add [/net/modules/arch/dales.rc4/software/linux-ubuntu20.04-cascadelake/gcc-12.2.0/netcdf-fortran-4.6.1-6cmmpl6jomgcbgiarv5xczyyli2bxunk/include $<$<BOOL:ON>:/net/modules/arch/dales.rc4/software/linux-ubuntu20.04-cascadelake/gcc-12.2.0/fftw-3.3.10-7t76qiezed7wg2ufrobpsjddxj7k2on7/include> $<$<BOOL:>:>] to include_directories
2026-09-04T16:20:14 - DALES - DEBUG - ecbuild_add_executable(dales): [] not found - not adding to include_directories
2026-09-04T16:20:14 - DALES - DEBUG - ecbuild_add_executable(dales): add dependency on tag_git_version
2026-09-04T16:20:14 - DALES - DEBUG - ecbuild_add_executable(dales): linking with [MPI::MPI_Fortran NetCDF::NetCDF_Fortran NetCDF::NetCDF_C fortran-support::fortran-support rte-rrtmgp::rrtmgp rte-rrtmgp::rte $<$<BOOL:OFF>:OpenACC::OpenACC_Fortran> $<$<BOOL:ON>:FFTW::fftw3> $<$<BOOL:ON>:FFTW::fftw3f> $<$<BOOL:OFF>:> $<$<BOOL:>:>]
2026-09-04T16:20:14 - DALES - DEBUG - ecbuild_add_executable(dales): [] not found - not linking
2026-09-04T16:20:14 - DALES - DEBUG - ecbuild_add_executable(dales): installing to bin
2026-09-04T16:20:14 - DALES - DEBUG - ecbuild_evaluate_dynamic_condition(_libdales_condition): checking condition 'ENABLE_DALESLIB' -> FALSE
